[www.kisantractoryojana.in/index.html]
[backblue.gif]
[fade.gif]
[index.html]
[www.kisantractoryojana.in/public/home/images/logo.jpg]
[www.kisantractoryojana.in/site.html]
[cdn.jsdelivr.net/npm/bootstrap@5.3.2/dist/css/bootstrap.min.css]
[buttons.github.io/buttons.js]
[www.kisantractoryojana.in/register.html]
[www.kisantractoryojana.in/login.html]
[www.kisantractoryojana.in/public/home/images/azadikaamritmahotsav.jpg]
[www.kisantractoryojana.in/public/home/new-flash-gif.gif]
[www.kisantractoryojana.in/public/home/images/hero.png]
[www.kisantractoryojana.in/public/home/images/1.png]
[www.kisantractoryojana.in/public/home/images/2.png]
[www.kisantractoryojana.in/public/home/images/3.png]
[www.kisantractoryojana.in/public/home/images/4.png]
[www.kisantractoryojana.in/public/home/images/5.png]
[www.kisantractoryojana.in/public/home/images/6.png]
[www.kisantractoryojana.in/public/home/images/7.png]
[www.kisantractoryojana.in/public/home/images/8.png]
[www.kisantractoryojana.in/public/home/images/9.png]
[www.kisantractoryojana.in/public/home/images/10.png]
[www.kisantractoryojana.in/public/home/images/11.png]
[www.kisantractoryojana.in/public/home/images/12.png]
[www.kisantractoryojana.in/public/home/images/kisantractoryojana.png]
[www.kisantractoryojana.in/public/home/images/howitwork.png]
[www.kisantractoryojana.in/public/home/images/privacy_policy_hero.png]
[www.kisantractoryojana.in/public/home/images/contact.png]
[www.kisantractoryojana.in/cdn-cgi/l/email-protection.html]
[www.kisantractoryojana.in/public/home/images/punia.jpg]
[www.kisantractoryojana.in/public/home/enquire-button.gif]
[www.kisantractoryojana.in/index.html]
[unpkg.com/flowbite@1.4.1/dist/flowbite.js]
[www.kisantractoryojana.in/public/home/assets/images/logo.jpg]
[www.kisantractoryojana.in/public/home/assets/images/azadikaamritmahotsav.jpg]
[www.kisantractoryojana.in/public/breadcrumbs_bg.png]
[www.kisantractoryojana.in/site.html]
[cdn.jsdelivr.net/npm/bootstrap@5.3.2/dist/css/bootstrap.min.css]
[www.kisantractoryojana.in/public/home/output.css]
[ajax.googleapis.com/ajax/libs/jquery/2.1.1/jquery.min.js]
[cdn.jsdelivr.net/npm/bootstrap@4.3.1/dist/js/bootstrap.min.js]
[cdn.jsdelivr.net/npm/popper.js@1.14.7/dist/umd/popper.min.js]
[cdnjs.cloudflare.com/ajax/libs/sweetalert/1.1.3/sweetalert.min.css]
[cdnjs.cloudflare.com/ajax/libs/sweetalert/1.1.3/sweetalert.min.js]
[www.kisantractoryojana.in/register.html]
[www.kisantractoryojana.in/web/form.html]
[www.kisantractoryojana.in/favicon.html]
[www.kisantractoryojana.in/maxcdn.bootstrapcdn.com/font-awesome/4.6.1/css/font-awesome.min.html]
[www.kisantractoryojana.in/cdnjs.cloudflare.com/ajax/libs/font-awesome/4.7.0/css/font-awesome.min.html]
[www.kisantractoryojana.in/popup_style.html]
[www.kisantractoryojana.in/index-2.html]
[maxcdn.bootstrapcdn.com/font-awesome/4.5.0/css/font-awesome.min.css]
[www.kisantractoryojana.in/cdn-cgi/scripts/5c5dd728/cloudflare-static/email-decode.min.html]
[www.kisantractoryojana.in/public/home/assets/js/jquery-1.11.1.min.js]
[www.kisantractoryojana.in/public/home/assets/js/bootstrap.min.js]
[www.kisantractoryojana.in/public/home/assets/js/jquery.dataTables.js]
[www.kisantractoryojana.in/public/home/assets/js/dataTables.bootstrap.js]
[www.kisantractoryojana.in/login.html]
[www.kisantractoryojana.in/cdn-cgi/l/email-protection.html]
[www.kisantractoryojana.in/public/home/assets/images/whatsapp.svg]
[cdnjs.cloudflare.com/ajax/libs/sweetalert/1.1.3/sweetalert.min.css]
[www.kisantractoryojana.in/public/admin/images/favicon.html]
[cdnjs.cloudflare.com/ajax/libs/toastr.js/2.1.4/toastr.min.css]
[code.jquery.com/ui/1.12.1/themes/smoothness/jquery-ui.css]
[www.kisantractoryojana.in/costumer/service681a.html]
[www.kisantractoryojana.in/login/logout]
[www.kisantractoryojana.in/public/admin/vendor/jquery/jquery.min.js]
[www.kisantractoryojana.in/public/admin/vendor/bootstrap/js/bootstrap.bundle.min.js]
[www.kisantractoryojana.in/public/admin/vendor/jquery-easing/jquery.easing.min.js]
[www.kisantractoryojana.in/public/admin/js/sb-admin-2.min.js]
[www.kisantractoryojana.in/public/admin/vendor/chart.js/Chart.min.js]
[www.kisantractoryojana.in/public/admin/js/demo/chart-area-demo.js]
[www.kisantractoryojana.in/public/admin/js/demo/chart-pie-demo.js]
[www.kisantractoryojana.in/public/admin/vendor/datatables/jquery.dataTables.min.js]
[www.kisantractoryojana.in/public/admin/vendor/datatables/dataTables.bootstrap4.min.js]
[www.kisantractoryojana.in/public/admin/js/demo/datatables-demo.js]
[www.kisantractoryojana.in/public/admin/js/custom_admin5034.js]
[cdnjs.cloudflare.com/ajax/libs/toastr.js/2.1.4/toastr.min.js]
[cdn.jsdelivr.net/npm/select2@4.1.0-rc.0/dist/css/select2.min.css]
[cdn.jsdelivr.net/npm/select2@4.1.0-rc.0/dist/js/select2.min.js]
[www.kisantractoryojana.in/public/admin/tinymce/tinymce.min.js]
[www.tiny.cloud/css/codepen.min.css]
[code.jquery.com/ui/1.12.1/jquery-ui.js]
[ilikenwf.github.io/jquery.mjs.nestedSortable.js]
[www.kisantractoryojana.in/web/form.html]
[www.kisantractoryojana.in/favicon.html]
[www.kisantractoryojana.in/public/home/assets/css/bootstrap.min.css]
[www.kisantractoryojana.in/get_file.html]
[www.kisantractoryojana.in/public/home/assets/images/bg.jpg]
[www.kisantractoryojana.in/public/home/images/bullet.html]
[www.kisantractoryojana.in/public/home/assets/css/style.css]
[www.kisantractoryojana.in/public/home/assets/css/responsive.css]
[www.kisantractoryojana.in/maxcdn.bootstrapcdn.com/font-awesome/4.6.1/css/font-awesome.min.html]
[www.kisantractoryojana.in/cdnjs.cloudflare.com/ajax/libs/font-awesome/4.7.0/css/font-awesome.min.html]
[www.kisantractoryojana.in/public/home/assets/css/dataTables.css]
[www.kisantractoryojana.in/popup_style.html]
[www.kisantractoryojana.in/index-2.html]
[maxcdn.bootstrapcdn.com/font-awesome/4.5.0/css/font-awesome.min.css]
[www.kisantractoryojana.in/cdn-cgi/scripts/5c5dd728/cloudflare-static/email-decode.min.html]
[www.kisantractoryojana.in/public/admin/images/favicon.html]
[www.kisantractoryojana.in/public/admin/vendor/fontawesome-free/webfonts/fa-brands-400.eot]
[www.kisantractoryojana.in/public/admin/vendor/fontawesome-free/webfonts/fa-brands-400d41d.eot]
[www.kisantractoryojana.in/public/admin/vendor/fontawesome-free/webfonts/fa-brands-400.woff2]
[www.kisantractoryojana.in/public/admin/vendor/fontawesome-free/webfonts/fa-brands-400.woff]
[www.kisantractoryojana.in/public/admin/vendor/fontawesome-free/webfonts/fa-brands-400.ttf]
[www.kisantractoryojana.in/public/admin/vendor/fontawesome-free/webfonts/fa-regular-400.eot]
[www.kisantractoryojana.in/public/admin/vendor/fontawesome-free/webfonts/fa-regular-400d41d.eot]
[www.kisantractoryojana.in/public/admin/vendor/fontawesome-free/webfonts/fa-regular-400.woff2]
[www.kisantractoryojana.in/public/admin/vendor/fontawesome-free/webfonts/fa-regular-400.woff]
[www.kisantractoryojana.in/public/admin/vendor/fontawesome-free/webfonts/fa-regular-400.ttf]
[www.kisantractoryojana.in/public/admin/vendor/fontawesome-free/webfonts/fa-solid-900.eot]
[www.kisantractoryojana.in/public/admin/vendor/fontawesome-free/webfonts/fa-solid-900d41d.eot]
[www.kisantractoryojana.in/public/admin/vendor/fontawesome-free/webfonts/fa-solid-900.woff2]
[www.kisantractoryojana.in/public/admin/vendor/fontawesome-free/webfonts/fa-solid-900.woff]
[www.kisantractoryojana.in/public/admin/vendor/fontawesome-free/webfonts/fa-solid-900.ttf]
[www.kisantractoryojana.in/public/admin/vendor/fontawesome-free/css/all.min.css]
[www.kisantractoryojana.in/public/admin/css/sb-admin-2.min.css]
[www.kisantractoryojana.in/public/admin/vendor/datatables/dataTables.bootstrap4.min.css]
[cdnjs.cloudflare.com/ajax/libs/toastr.js/2.1.4/toastr.min.css]
[code.jquery.com/ui/1.12.1/themes/smoothness/images/ui-bg_highlight-soft_75_cccccc_1x100.png]
[code.jquery.com/ui/1.12.1/themes/smoothness/images/ui-bg_glass_75_e6e6e6_1x400.png]
[code.jquery.com/ui/1.12.1/themes/smoothness/images/ui-bg_glass_75_dadada_1x400.png]
[code.jquery.com/ui/1.12.1/themes/smoothness/images/ui-bg_glass_65_ffffff_1x400.png]
[code.jquery.com/ui/1.12.1/themes/smoothness/images/ui-bg_glass_55_fbf9ee_1x400.png]
[code.jquery.com/ui/1.12.1/themes/smoothness/images/ui-bg_glass_95_fef1ec_1x400.png]
[code.jquery.com/ui/1.12.1/themes/smoothness/images/ui-icons_222222_256x240.png]
[code.jquery.com/ui/1.12.1/themes/smoothness/images/ui-icons_454545_256x240.png]
[code.jquery.com/ui/1.12.1/themes/smoothness/images/ui-icons_2e83ff_256x240.png]
[code.jquery.com/ui/1.12.1/themes/smoothness/images/ui-icons_cd0a0a_256x240.png]
[code.jquery.com/ui/1.12.1/themes/smoothness/jquery-ui.css]
[www.kisantractoryojana.in/costumer/service681a.html]
[cdn.jsdelivr.net/npm/select2@4.1.0-rc.0/dist/css/select2.min.css]
[www.tiny.cloud/css/codepen.min.css]
[www.kisantractoryojana.in/get_file.html]
[code.jquery.com/ui/1.12.1/themes/smoothness/images/ui-icons_888888_256x240.png]
[www.kisantractoryojana.in/public/home/htdocs_error/style.html]
[www.kisantractoryojana.in/public/home/css66186618.html]
[www.kisantractoryojana.in/public/www.google-analytics.com/analytics.html]
[www.kisantractoryojana.in/public/home/images/bullet.html]
[www.kisantractoryojana.in/public/admin/vendor/fontawesome-free/webfonts/fa-brands-400.svg]
[www.kisantractoryojana.in/public/admin/vendor/fontawesome-free/webfonts/fa-regular-400.svg]
[www.kisantractoryojana.in/public/admin/vendor/fontawesome-free/webfonts/fa-solid-900.svg]
[www.kisantractoryojana.in/public/home/htdocs_error/style.html]
[www.kisantractoryojana.in/public/home/htdocs_error/something-lost.html]
[www.kisantractoryojana.in/public/home/bootstrap/3.3.7/fonts/glyphicons-halflings-regular.eot]
[www.kisantractoryojana.in/public/home/bootstrap/3.3.7/fonts/glyphicons-halflings-regular-1.eot]
[www.kisantractoryojana.in/public/home/bootstrap/3.3.7/fonts/glyphicons-halflings-regular.woff2]
[www.kisantractoryojana.in/public/home/bootstrap/3.3.7/fonts/glyphicons-halflings-regular.woff]
[www.kisantractoryojana.in/public/home/bootstrap/3.3.7/fonts/glyphicons-halflings-regular.ttf]
[www.kisantractoryojana.in/public/home/bootstrap/3.3.7/css/bootstrap.min.css]
[www.kisantractoryojana.in/public/home/css66186618.html]
[www.kisantractoryojana.in/public/www.google-analytics.com/analytics.html]
[www.kisantractoryojana.in/public/home/htdocs_error/something-lost.html]
[www.kisantractoryojana.in/public/home/bootstrap/3.3.7/fonts/glyphicons-halflings-regular.svg]
